<!DOCTYPE html>
<html>
  <head>
    <meta charset="utf-8">
    <title>Clock</title>
    <script src="noflo.js"></script>
  </head>
  <body>
    <div class='area' title='.area'><img id='clock' src='http://i.meemoo.me/v1/in/GJPUFPc8ThuRp9itdXC9_clock-face.png' style='position:absolute; width:300px; height:300px;' /><img id='hours' src='http://i.meemoo.me/v1/in/fRL213GT1uCRltIqXkK2_clock-hours.png' style='position:absolute; top:50px; left:130px; height:200px;' /><img id='minutes' src='http://i.meemoo.me/v1/in/23DZFKYoRTOIAjPA7sed_clock-minutes.png' style='position:absolute; top:0; left:140px; height:300px;' /><img id='seconds' src='http://i.meemoo.me/v1/in/VU2HqPmuTqucRpnUGGBj_clock-seconds.png' style='position:absolute; top:0; left:145px; height:300px;' /></div>
    <script>
      var noflo = require('noflo');
      noflo.graph.loadJSON(require('bar/graphs/Clock.json'), function (graph) {
        graph.baseDir = '/bar';
        noflo.createNetwork(graph, function (network) {
          console.log('Clock is running!');
        });
      });
    </script>
  </body>
</html>
